[debug] [2026-09-18T01:22:18.251Z] ----------------------------------------------------------------------
[debug] [2026-09-18T01:22:18.254Z] Command:       /home/pdxgrantc/.nvm/versions/node/v24.21.0/bin/node /home/pdxgrantc/.nvm/versions/node/v24.21.0/bin/firebase deploy
[debug] [2026-09-18T01:22:18.254Z] CLI Version:   15.30.2
[debug] [2026-09-18T01:22:18.255Z] Platform:      linux
[debug] [2026-09-18T01:22:18.255Z] Node Version:  v24.21.0
[debug] [2026-09-18T01:22:18.255Z] Detected Agent: unknown
[debug] [2026-09-18T01:22:18.255Z] Time:          Thu Sep 17 2026 18:22:18 GMT-0700 (Pacific Daylight Time)
[debug] [2026-09-18T01:22:18.255Z] ----------------------------------------------------------------------
[debug] 
[debug] [2026-09-18T01:22:19.538Z] > command requires scopes: ["email","openid","https://www.googleapis.com/auth/cloudplatformprojects.readonly","https://www.googleapis.com/auth/firebase","https://www.googleapis.com/auth/cloud-platform"]
[debug] [2026-09-18T01:22:19.539Z] > authorizing via signed-in user (pdxgrantc@gmail.com)
[debug] [2026-09-18T01:22:19.539Z] [iam] checking project resume-af4db for permissions ["firebase.projects.get","firebasehosting.sites.update"]
[debug] [2026-09-18T01:22:19.568Z] Checked if tokens are valid: true, expires at: 1789697283953
[debug] [2026-09-18T01:22:19.568Z] Checked if tokens are valid: true, expires at: 1789697283953
[debug] [2026-09-18T01:22:19.571Z] >>> [apiv2][query] POST https://cloudresourcemanager.googleapis.com/v1/projects/resume-af4db:testIamPermissions [none]
[debug] [2026-09-18T01:22:19.571Z] >>> [apiv2][(partial)header] POST https://cloudresourcemanager.googleapis.com/v1/projects/resume-af4db:testIamPermissions  x-goog-user-project=resume-af4db
[debug] [2026-09-18T01:22:19.571Z] >>> [apiv2][body] POST https://cloudresourcemanager.googleapis.com/v1/projects/resume-af4db:testIamPermissions {"permissions":["firebase.projects.get","firebasehosting.sites.update"]}
[debug] [2026-09-18T01:22:20.085Z] <<< [apiv2][status] POST https://cloudresourcemanager.googleapis.com/v1/projects/resume-af4db:testIamPermissions 200
[debug] [2026-09-18T01:22:20.085Z] <<< [apiv2][body] POST https://cloudresourcemanager.googleapis.com/v1/projects/resume-af4db:testIamPermissions {"permissions":["firebase.projects.get","firebasehosting.sites.update"]}
[debug] [2026-09-18T01:22:20.086Z] Checked if tokens are valid: true, expires at: 1789697283953
[debug] [2026-09-18T01:22:20.087Z] Checked if tokens are valid: true, expires at: 1789697283953
[debug] [2026-09-18T01:22:20.087Z] >>> [apiv2][query] GET https://firebase.googleapis.com/v1beta1/projects/resume-af4db [none]
[debug] [2026-09-18T01:22:20.479Z] <<< [apiv2][status] GET https://firebase.googleapis.com/v1beta1/projects/resume-af4db 200
[debug] [2026-09-18T01:22:20.479Z] <<< [apiv2][body] GET https://firebase.googleapis.com/v1beta1/projects/resume-af4db {"projectId":"resume-af4db","projectNumber":"342296246245","displayName":"Resume","name":"projects/resume-af4db","resources":{"hostingSite":"resume-af4db","locationId":"us-central"},"state":"ACTIVE","labels":{"firebase":"enabled"},"etag":"1_c7ceb137-57e8-42de-aae3-f447913cb758"}
[info] 
[info] === Deploying to 'resume-af4db'...
[info] 
[info] i  deploying hosting 
[debug] [2026-09-18T01:22:20.483Z] Checked if tokens are valid: true, expires at: 1789697283953
[debug] [2026-09-18T01:22:20.484Z] Checked if tokens are valid: true, expires at: 1789697283953
[debug] [2026-09-18T01:22:20.484Z] >>> [apiv2][query] GET https://firebasehosting.googleapis.com/v1beta1/projects/resume-af4db/sites/resume-af4db [none]
[debug] [2026-09-18T01:22:21.085Z] <<< [apiv2][status] GET https://firebasehosting.googleapis.com/v1beta1/projects/resume-af4db/sites/resume-af4db 200
[debug] [2026-09-18T01:22:21.085Z] <<< [apiv2][body] GET https://firebasehosting.googleapis.com/v1beta1/projects/resume-af4db/sites/resume-af4db {"name":"projects/resume-af4db/sites/resume-af4db","defaultUrl":"https://resume-af4db.web.app","type":"DEFAULT_SITE"}
[debug] [2026-09-18T01:22:21.086Z] Checked if tokens are valid: true, expires at: 1789697283953
[debug] [2026-09-18T01:22:21.087Z] Checked if tokens are valid: true, expires at: 1789697283953
[debug] [2026-09-18T01:22:21.087Z] >>> [apiv2][query] POST https://firebasehosting.googleapis.com/v1beta1/projects/-/sites/resume-af4db/versions [none]
[debug] [2026-09-18T01:22:21.087Z] >>> [apiv2][body] POST https://firebasehosting.googleapis.com/v1beta1/projects/-/sites/resume-af4db/versions {"status":"CREATED","labels":{"deployment-tool":"cli-firebase"}}
[debug] [2026-09-18T01:22:21.580Z] <<< [apiv2][status] POST https://firebasehosting.googleapis.com/v1beta1/projects/-/sites/resume-af4db/versions 200
[debug] [2026-09-18T01:22:21.580Z] <<< [apiv2][body] POST https://firebasehosting.googleapis.com/v1beta1/projects/-/sites/resume-af4db/versions {"name":"projects/342296246245/sites/resume-af4db/versions/1022e7229a260284","status":"CREATED","config":{},"labels":{"deployment-tool":"cli-firebase"}}
[info] i  hosting[resume-af4db]: beginning deploy... 
[info] i  hosting[resume-af4db]: found 26 files in dist 
[debug] [2026-09-18T01:22:21.603Z] [hosting] uploading with 200 concurrency
[debug] [2026-09-18T01:22:21.723Z] Checked if tokens are valid: true, expires at: 1789697283953
[debug] [2026-09-18T01:22:21.723Z] Checked if tokens are valid: true, expires at: 1789697283953
[debug] [2026-09-18T01:22:21.724Z] [hosting] hash cache [ZGlzdA] stored for 26 files
[debug] [2026-09-18T01:22:21.724Z] [hosting][hash queue][FINAL] {"max":112,"min":10,"avg":20.192307692307693,"active":0,"complete":26,"success":26,"errored":0,"retried":0,"total":26,"elapsed":117}
[debug] [2026-09-18T01:22:21.725Z] >>> [apiv2][query] POST https://firebasehosting.googleapis.com/v1beta1/projects/342296246245/sites/resume-af4db/versions/1022e7229a260284:populateFiles [none]
[debug] [2026-09-18T01:22:21.725Z] >>> [apiv2][body] POST https://firebasehosting.googleapis.com/v1beta1/projects/342296246245/sites/resume-af4db/versions/1022e7229a260284:populateFiles {"files":{"/manifest.json":"c171c2dd7139d2fb8fad33914ebf27a6a45e997d6b7b6db0a11d8d7ce02a582f","/robots.txt":"2544ca049f223a42bff01f72ad930a5edba75bbb7199d0f8430a02ff5aca16ec","/index.html":"977882308aedb04b5c81974ee63c5f0a6146140802ac1e4655f73aa50f08eaa3","/favicon.ico":"fc26b72d1f6d47474d8993a667b2af803ede41c9996d0f69e62ed6e415d7fed0","/assets/web-vitals-viX3FQND.js":"90c9bb2f54b4d776ab77e90fe2d376d3652ee04917043dcae2779bac81197de1","/assets/server-management-BHemOuRE.js":"1a59e39a650e28a4acb3db8d0a384f89f23412cc292ca7d10eccce67ca8487f3","/assets/projects-DWJGjgDX.js":"b0d8cec960f2f12f829431465b6bfd91039b1d40bfc62f4ddf80fa75095b35f5","/assets/it-Bs58PCWY.js":"25a906eeb64981e51171c46a0aa588f01fd673b9a6d8e822f0915abfb642d267","/assets/intro-to-computer-graphics-CtgNzPxH.js":"84ce8b2e32c9a7acf6da980bec698a5cc862da5d6a9400050d88e48d2eb37302","/assets/routes-D1LYdZdQ.js":"8a557257029907eb3b500952086303059f4dfacd44acef38e2ac2129130aaa4c","/assets/ez-budget-DO9LC53l.js":"583e910636cf8c4ecaa6150834a99df09a89150dea6d08b36545a441577a01a3","/assets/courses-CsjleG11.js":"e9980781bb7f0ed9548d99e837e77b45c8067ed69b090716f86b53d0d95471eb","/assets/container-iyVjEWWC.js":"baf7805c8a83d228a7fe5ced71672b141e2a72db81d02f6641cc29e8494a19a7","/assets/capstone-a15H4Y-V.js":"a6e9ce2dd411418b291836738f6603b373e4253ca5e0c08392c4492ddf508683","/assets/index-BGzFQPTL.css":"ccccb1f74c20a9b4030844d5b420d9ed00b4b907328b97a3f2083cbf05d12c10","/assets/buttons-mA155ZYX.js":"01758a3faaa71d73ee23a61b129dcfd4049b94fae08fc61e9aaef9d97200c586","/assets/PageWrapper-CA_TuVk4.js":"a9526f897fd3ae592e6665cb4fd78e8c3f5ca96fe59212d91ae3101414c58b8c","/assets/about-me-CXQOYcOF.js":"94bc7d67bafb70f61abffb186c4fef0a1ca0d96175f78e1d22b55f2489a72e88","/assets/CS493-C4pCztEe.js":"675a409fd81c11a0a0ae197c84879ee7fa5a118d723157b5e885dfe9641fc398","/Resume-Technical-2026.pdf":"083a88fc52e0f87ed6af2dd7fcc3b84e25b16af6ef79394e386dcf0ce7d2ed14","/images/LandingPage.jpg":"2ca92cce00ab317e2f11d0f4af724da2230fca1155ba254c2167d12f3892a597","/tanstack-circle-logo.png":"1e257ec5b773715798cd010614e28c31e5916e5707f522b6baee0edd9d8d7d0e","/images/proxmox.png":"f187f1c38197cf0f76847f4a62a3b3d7b2bf63e2437b36eb1c08de5c40853cf8","/assets/index-C_1vRoXH.js":"11b3ff4b18e0b01da3045c5c8d7b24ae4102c9e7a16993c5fa3a9620239e511e","/images/Grant-Headshot.jpg":"436e543d9949a89b9bf553845907baf4475b6a07c289fbf799e260b1ffddcad3","/images/LandingPageOriginal.jpg":"546ea591982371462732fb2ac70409dbeaeb348621280c06c030cc70cf5445ee"}}
[debug] [2026-09-18T01:22:22.218Z] <<< [apiv2][status] POST https://firebasehosting.googleapis.com/v1beta1/projects/342296246245/sites/resume-af4db/versions/1022e7229a260284:populateFiles 200
[debug] [2026-09-18T01:22:22.218Z] <<< [apiv2][body] POST https://firebasehosting.googleapis.com/v1beta1/projects/342296246245/sites/resume-af4db/versions/1022e7229a260284:populateFiles {"uploadRequiredHashes":["977882308aedb04b5c81974ee63c5f0a6146140802ac1e4655f73aa50f08eaa3","a9526f897fd3ae592e6665cb4fd78e8c3f5ca96fe59212d91ae3101414c58b8c","01758a3faaa71d73ee23a61b129dcfd4049b94fae08fc61e9aaef9d97200c586","a6e9ce2dd411418b291836738f6603b373e4253ca5e0c08392c4492ddf508683","baf7805c8a83d228a7fe5ced71672b141e2a72db81d02f6641cc29e8494a19a7","b0d8cec960f2f12f829431465b6bfd91039b1d40bfc62f4ddf80fa75095b35f5","583e910636cf8c4ecaa6150834a99df09a89150dea6d08b36545a441577a01a3","25a906eeb64981e51171c46a0aa588f01fd673b9a6d8e822f0915abfb642d267","84ce8b2e32c9a7acf6da980bec698a5cc862da5d6a9400050d88e48d2eb37302","94bc7d67bafb70f61abffb186c4fef0a1ca0d96175f78e1d22b55f2489a72e88","675a409fd81c11a0a0ae197c84879ee7fa5a118d723157b5e885dfe9641fc398","e9980781bb7f0ed9548d99e837e77b45c8067ed69b090716f86b53d0d95471eb","11b3ff4b18e0b01da3045c5c8d7b24ae4102c9e7a16993c5fa3a9620239e511e","8a557257029907eb3b500952086303059f4dfacd44acef38e2ac2129130aaa4c","1a59e39a650e28a4acb3db8d0a384f89f23412cc292ca7d10eccce67ca8487f3"],"uploadUrl":"https://upload-firebasehosting.googleapis.com/upload/sites/resume-af4db/versions/1022e7229a260284/files"}
[debug] [2026-09-18T01:22:22.219Z] Checked if tokens are valid: true, expires at: 1789697283953
[debug] [2026-09-18T01:22:22.219Z] Checked if tokens are valid: true, expires at: 1789697283953
[debug] [2026-09-18T01:22:22.220Z] Checked if tokens are valid: true, expires at: 1789697283953
[debug] [2026-09-18T01:22:22.220Z] Checked if tokens are valid: true, expires at: 1789697283953
[debug] [2026-09-18T01:22:22.220Z] Checked if tokens are valid: true, expires at: 1789697283953
[debug] [2026-09-18T01:22:22.220Z] Checked if tokens are valid: true, expires at: 1789697283953
[debug] [2026-09-18T01:22:22.221Z] Checked if tokens are valid: true, expires at: 1789697283953
[debug] [2026-09-18T01:22:22.221Z] Checked if tokens are valid: true, expires at: 1789697283953
[debug] [2026-09-18T01:22:22.221Z] Checked if tokens are valid: true, expires at: 1789697283953
[debug] [2026-09-18T01:22:22.221Z] Checked if tokens are valid: true, expires at: 1789697283953
[debug] [2026-09-18T01:22:22.222Z] Checked if tokens are valid: true, expires at: 1789697283953
[debug] [2026-09-18T01:22:22.222Z] Checked if tokens are valid: true, expires at: 1789697283953
[debug] [2026-09-18T01:22:22.222Z] Checked if tokens are valid: true, expires at: 1789697283953
[debug] [2026-09-18T01:22:22.222Z] Checked if tokens are valid: true, expires at: 1789697283953
[debug] [2026-09-18T01:22:22.223Z] Checked if tokens are valid: true, expires at: 1789697283953
[debug] [2026-09-18T01:22:22.223Z] Checked if tokens are valid: true, expires at: 1789697283953
[debug] [2026-09-18T01:22:22.223Z] Checked if tokens are valid: true, expires at: 1789697283953
[debug] [2026-09-18T01:22:22.223Z] Checked if tokens are valid: true, expires at: 1789697283953
[debug] [2026-09-18T01:22:22.223Z] Checked if tokens are valid: true, expires at: 1789697283953
[debug] [2026-09-18T01:22:22.223Z] Checked if tokens are valid: true, expires at: 1789697283953
[debug] [2026-09-18T01:22:22.223Z] Checked if tokens are valid: true, expires at: 1789697283953
[debug] [2026-09-18T01:22:22.223Z] Checked if tokens are valid: true, expires at: 1789697283953
[debug] [2026-09-18T01:22:22.224Z] Checked if tokens are valid: true, expires at: 1789697283953
[debug] [2026-09-18T01:22:22.224Z] Checked if tokens are valid: true, expires at: 1789697283953
[debug] [2026-09-18T01:22:22.224Z] Checked if tokens are valid: true, expires at: 1789697283953
[debug] [2026-09-18T01:22:22.224Z] Checked if tokens are valid: true, expires at: 1789697283953
[debug] [2026-09-18T01:22:22.224Z] Checked if tokens are valid: true, expires at: 1789697283953
[debug] [2026-09-18T01:22:22.224Z] Checked if tokens are valid: true, expires at: 1789697283953
[debug] [2026-09-18T01:22:22.224Z] Checked if tokens are valid: true, expires at: 1789697283953
[debug] [2026-09-18T01:22:22.224Z] Checked if tokens are valid: true, expires at: 1789697283953
[debug] [2026-09-18T01:22:22.224Z] >>> [apiv2][query] POST https://upload-firebasehosting.googleapis.com/upload/sites/resume-af4db/versions/1022e7229a260284/files/977882308aedb04b5c81974ee63c5f0a6146140802ac1e4655f73aa50f08eaa3 [none]
[debug] [2026-09-18T01:22:22.224Z] >>> [apiv2][body] POST https://upload-firebasehosting.googleapis.com/upload/sites/resume-af4db/versions/1022e7229a260284/files/977882308aedb04b5c81974ee63c5f0a6146140802ac1e4655f73aa50f08eaa3 [stream]
[debug] [2026-09-18T01:22:22.226Z] >>> [apiv2][query] POST https://upload-firebasehosting.googleapis.com/upload/sites/resume-af4db/versions/1022e7229a260284/files/a9526f897fd3ae592e6665cb4fd78e8c3f5ca96fe59212d91ae3101414c58b8c [none]
[debug] [2026-09-18T01:22:22.226Z] >>> [apiv2][body] POST https://upload-firebasehosting.googleapis.com/upload/sites/resume-af4db/versions/1022e7229a260284/files/a9526f897fd3ae592e6665cb4fd78e8c3f5ca96fe59212d91ae3101414c58b8c [stream]
[debug] [2026-09-18T01:22:22.227Z] >>> [apiv2][query] POST https://upload-firebasehosting.googleapis.com/upload/sites/resume-af4db/versions/1022e7229a260284/files/01758a3faaa71d73ee23a61b129dcfd4049b94fae08fc61e9aaef9d97200c586 [none]
[debug] [2026-09-18T01:22:22.227Z] >>> [apiv2][body] POST https://upload-firebasehosting.googleapis.com/upload/sites/resume-af4db/versions/1022e7229a260284/files/01758a3faaa71d73ee23a61b129dcfd4049b94fae08fc61e9aaef9d97200c586 [stream]
[debug] [2026-09-18T01:22:22.228Z] >>> [apiv2][query] POST https://upload-firebasehosting.googleapis.com/upload/sites/resume-af4db/versions/1022e7229a260284/files/a6e9ce2dd411418b291836738f6603b373e4253ca5e0c08392c4492ddf508683 [none]
[debug] [2026-09-18T01:22:22.228Z] >>> [apiv2][body] POST https://upload-firebasehosting.googleapis.com/upload/sites/resume-af4db/versions/1022e7229a260284/files/a6e9ce2dd411418b291836738f6603b373e4253ca5e0c08392c4492ddf508683 [stream]
[debug] [2026-09-18T01:22:22.229Z] >>> [apiv2][query] POST https://upload-firebasehosting.googleapis.com/upload/sites/resume-af4db/versions/1022e7229a260284/files/baf7805c8a83d228a7fe5ced71672b141e2a72db81d02f6641cc29e8494a19a7 [none]
[debug] [2026-09-18T01:22:22.229Z] >>> [apiv2][body] POST https://upload-firebasehosting.googleapis.com/upload/sites/resume-af4db/versions/1022e7229a260284/files/baf7805c8a83d228a7fe5ced71672b141e2a72db81d02f6641cc29e8494a19a7 [stream]
[debug] [2026-09-18T01:22:22.230Z] >>> [apiv2][query] POST https://upload-firebasehosting.googleapis.com/upload/sites/resume-af4db/versions/1022e7229a260284/files/b0d8cec960f2f12f829431465b6bfd91039b1d40bfc62f4ddf80fa75095b35f5 [none]
[debug] [2026-09-18T01:22:22.230Z] >>> [apiv2][body] POST https://upload-firebasehosting.googleapis.com/upload/sites/resume-af4db/versions/1022e7229a260284/files/b0d8cec960f2f12f829431465b6bfd91039b1d40bfc62f4ddf80fa75095b35f5 [stream]
[debug] [2026-09-18T01:22:22.230Z] >>> [apiv2][query] POST https://upload-firebasehosting.googleapis.com/upload/sites/resume-af4db/versions/1022e7229a260284/files/583e910636cf8c4ecaa6150834a99df09a89150dea6d08b36545a441577a01a3 [none]
[debug] [2026-09-18T01:22:22.230Z] >>> [apiv2][body] POST https://upload-firebasehosting.googleapis.com/upload/sites/resume-af4db/versions/1022e7229a260284/files/583e910636cf8c4ecaa6150834a99df09a89150dea6d08b36545a441577a01a3 [stream]
[debug] [2026-09-18T01:22:22.231Z] >>> [apiv2][query] POST https://upload-firebasehosting.googleapis.com/upload/sites/resume-af4db/versions/1022e7229a260284/files/25a906eeb64981e51171c46a0aa588f01fd673b9a6d8e822f0915abfb642d267 [none]
[debug] [2026-09-18T01:22:22.231Z] >>> [apiv2][body] POST https://upload-firebasehosting.googleapis.com/upload/sites/resume-af4db/versions/1022e7229a260284/files/25a906eeb64981e51171c46a0aa588f01fd673b9a6d8e822f0915abfb642d267 [stream]
[debug] [2026-09-18T01:22:22.231Z] >>> [apiv2][query] POST https://upload-firebasehosting.googleapis.com/upload/sites/resume-af4db/versions/1022e7229a260284/files/84ce8b2e32c9a7acf6da980bec698a5cc862da5d6a9400050d88e48d2eb37302 [none]
[debug] [2026-09-18T01:22:22.232Z] >>> [apiv2][body] POST https://upload-firebasehosting.googleapis.com/upload/sites/resume-af4db/versions/1022e7229a260284/files/84ce8b2e32c9a7acf6da980bec698a5cc862da5d6a9400050d88e48d2eb37302 [stream]
[debug] [2026-09-18T01:22:22.232Z] >>> [apiv2][query] POST https://upload-firebasehosting.googleapis.com/upload/sites/resume-af4db/versions/1022e7229a260284/files/94bc7d67bafb70f61abffb186c4fef0a1ca0d96175f78e1d22b55f2489a72e88 [none]
[debug] [2026-09-18T01:22:22.232Z] >>> [apiv2][body] POST https://upload-firebasehosting.googleapis.com/upload/sites/resume-af4db/versions/1022e7229a260284/files/94bc7d67bafb70f61abffb186c4fef0a1ca0d96175f78e1d22b55f2489a72e88 [stream]
[debug] [2026-09-18T01:22:22.233Z] >>> [apiv2][query] POST https://upload-firebasehosting.googleapis.com/upload/sites/resume-af4db/versions/1022e7229a260284/files/675a409fd81c11a0a0ae197c84879ee7fa5a118d723157b5e885dfe9641fc398 [none]
[debug] [2026-09-18T01:22:22.233Z] >>> [apiv2][body] POST https://upload-firebasehosting.googleapis.com/upload/sites/resume-af4db/versions/1022e7229a260284/files/675a409fd81c11a0a0ae197c84879ee7fa5a118d723157b5e885dfe9641fc398 [stream]
[debug] [2026-09-18T01:22:22.233Z] >>> [apiv2][query] POST https://upload-firebasehosting.googleapis.com/upload/sites/resume-af4db/versions/1022e7229a260284/files/e9980781bb7f0ed9548d99e837e77b45c8067ed69b090716f86b53d0d95471eb [none]
[debug] [2026-09-18T01:22:22.233Z] >>> [apiv2][body] POST https://upload-firebasehosting.googleapis.com/upload/sites/resume-af4db/versions/1022e7229a260284/files/e9980781bb7f0ed9548d99e837e77b45c8067ed69b090716f86b53d0d95471eb [stream]
[debug] [2026-09-18T01:22:22.234Z] >>> [apiv2][query] POST https://upload-firebasehosting.googleapis.com/upload/sites/resume-af4db/versions/1022e7229a260284/files/11b3ff4b18e0b01da3045c5c8d7b24ae4102c9e7a16993c5fa3a9620239e511e [none]
[debug] [2026-09-18T01:22:22.234Z] >>> [apiv2][body] POST https://upload-firebasehosting.googleapis.com/upload/sites/resume-af4db/versions/1022e7229a260284/files/11b3ff4b18e0b01da3045c5c8d7b24ae4102c9e7a16993c5fa3a9620239e511e [stream]
[debug] [2026-09-18T01:22:22.234Z] >>> [apiv2][query] POST https://upload-firebasehosting.googleapis.com/upload/sites/resume-af4db/versions/1022e7229a260284/files/8a557257029907eb3b500952086303059f4dfacd44acef38e2ac2129130aaa4c [none]
[debug] [2026-09-18T01:22:22.234Z] >>> [apiv2][body] POST https://upload-firebasehosting.googleapis.com/upload/sites/resume-af4db/versions/1022e7229a260284/files/8a557257029907eb3b500952086303059f4dfacd44acef38e2ac2129130aaa4c [stream]
[debug] [2026-09-18T01:22:22.235Z] >>> [apiv2][query] POST https://upload-firebasehosting.googleapis.com/upload/sites/resume-af4db/versions/1022e7229a260284/files/1a59e39a650e28a4acb3db8d0a384f89f23412cc292ca7d10eccce67ca8487f3 [none]
[debug] [2026-09-18T01:22:22.235Z] >>> [apiv2][body] POST https://upload-firebasehosting.googleapis.com/upload/sites/resume-af4db/versions/1022e7229a260284/files/1a59e39a650e28a4acb3db8d0a384f89f23412cc292ca7d10eccce67ca8487f3 [stream]
[debug] [2026-09-18T01:22:22.249Z] [hosting][populate queue][FINAL] {"max":501,"min":501,"avg":501,"active":0,"complete":1,"success":1,"errored":0,"retried":0,"total":1,"elapsed":526}
[debug] [2026-09-18T01:22:22.250Z] [hosting] uploads queued: 15
